
> mumbai-metropolitan@0.1.0 build
> next build

Γû▓ Next.js 16.2.4 (Turbopack)

  Creating an optimized production build ...
node.exe : 
At line:1 char:1
+ & "C:\Program 
Files\nodejs/node.exe" "C:\Use
rs\admin\AppData\Roaming\ ...
+ ~~~~~~~~~~~~~~~~~~~~~~~~~~~~
~~~~~~~~~~~~~~~~~~~~~~~~~~~~~~
~~~~~~~~~~~
    + CategoryInfo          : 
    NotSpecified: (:String)   
  [], RemoteException
    + FullyQualifiedErrorId : 
    NativeCommandError
 
> Build error occurred
Error: Turbopack build failed 
with 2 errors:
./src/app/news/[slug]/page.tsx
:4:1
Export Linkedin doesn't exist 
in target module
  [90m2 |[0m ...[36mrt[0m 
[33mNavbar[0m [36mfrom[0m 
[32m"@/components/layout/Navb
ar"[0m;
  [90m3 |[0m ...[36mrt[0m 
[33mFooter[0m [36mfrom[0m 
[32m"@/components/layout/Foot
er"[0m;
[31m[1m>[0m [90m4 |[0m 
...[36mrt[0m { 
[33mClock[0m, 
[33mUser[0m, 
[33mCalendar[0m, 
[33mShare2[0m, 
[33mMessageSquare[0m, 
[33mLinkedin[0m, 
[33mBookmark[0m } 
[36mfrom[0m 
[32m"lucide-rea...[0m
  [90m  |[0m    [31m[1m^^^
^^^^^^^^^^^^^^^^^^^^^^^^^^^^^^
^^^^^^^^^^^^^^^^^^^^^^^^^^^^^^
^^^^^^^^^^^^^^^^^^^^^^^^^^^^[
0m
  [90m5 |[0m ...[36mrt[0m 
{ [33mIconBrandFacebook[0m, 
[33mIconBrandInstagram[0m, 
[33mIconBrandTwitter[0m, 
[33mIconBrandYoutube[0m } 
[36mfrom[0m [32m"@...[0m
  [90m6 |[0m ...
  [90m7 |[0m ...[36mrt[0m 
{ cn } [36mfrom[0m 
[32m"@/lib/utils"[0m;

The export Linkedin was not 
found in module [project]/node
_modules/lucide-react/dist/esm
/lucide-react.mjs [app-rsc] 
(ecmascript).
Did you mean to import Link?
All exports of the module are 
statically known (It doesn't 
have dynamic exports). So 
it's known statically that 
the requested export doesn't 
exist.


./src/components/layout/Footer
.tsx:3:1
Export Linkedin doesn't exist 
in target module
  [90m1 |[0m 
[36mimport[0m 
[33mReact[0m [36mfrom[0m 
[32m"react"[0m;
  [90m2 |[0m 
[36mimport[0m [33mLink[0m 
[36mfrom[0m 
[32m"next/link"[0m;
[31m[1m>[0m [90m3 |[0m 
[36mimport[0m { 
[33mMapPin[0m, 
[33mPhone[0m, 
[33mMail[0m, 
[33mLinkedin[0m } 
[36mfrom[0m 
[32m"lucide-react"[0m;
  [90m  |[0m [31m[1m^^^^^^
^^^^^^^^^^^^^^^^^^^^^^^^^^^^^^
^^^^^^^^^^^^^^^^^^^^^^^^^[0m
  [90m4 |[0m 
[36mimport[0m { 
[33mIconBrandFacebook[0m, 
[33mIconBrandInstagram[0m, 
[33mIconBrandTwitter[0m, 
[33mIconBrandYoutube[0m } 
[36mfrom[0m [32m"...[0m
  [90m5 |[0m
  [90m6 |[0m 
[36mexport[0m 
[36mdefault[0m 
[36mfunction[0m 
[33mFooter[0m() {

The export Linkedin was not 
found in module [project]/node
_modules/lucide-react/dist/esm
/lucide-react.mjs [app-rsc] 
(ecmascript).
Did you mean to import Link?
All exports of the module are 
statically known (It doesn't 
have dynamic exports). So 
it's known statically that 
the requested export doesn't 
exist.

Import trace:
  Server Component:
    ./src/components/layout/Fo
oter.tsx
    
./src/app/transport/page.tsx


    at <unknown> (./src/app/ne
ws/[slug]/page.tsx:4:1)
    at <unknown> (./src/compon
ents/layout/Footer.tsx:3:1)
